2024-04-06 22:12:28 INFO  TestBase:126 - URL launched
2024-04-06 22:12:29 DEBUG TestBase:68 - Clicking on SIGN IN
2024-04-06 22:12:31 DEBUG TestBase:68 - Clicking on Next
2024-04-06 22:12:32 DEBUG TestBase:68 - Clicking on Sign in
2024-04-06 22:12:44 DEBUG TestBase:68 - Clicking on New Event
2024-04-06 22:12:49 DEBUG TestBase:68 - Clicking on 
2024-04-06 22:12:50 DEBUG TestBase:68 - Clicking on 
2024-04-06 22:12:55 DEBUG TestBase:68 - Clicking on 12:00 am
2024-04-06 22:12:56 DEBUG TestBase:68 - Clicking on 
2024-04-06 22:12:56 DEBUG TestBase:68 - Clicking on 
2024-04-06 22:13:01 DEBUG TestBase:68 - Clicking on 11:30 pm
2024-04-06 22:13:02 DEBUG TestBase:68 - Clicking on Add conference
2024-04-06 22:13:49 ERROR TestBase:118 - org.openqa.selenium.TimeoutException: Expected condition failed: waiting for visibility of Proxy element for: DefaultElementLocator 'By.xpath: //*[@id='input-:ro:']' (tried for 30 second(s) with 500 milliseconds interval)
2024-04-06 22:13:54 INFO  TestBase:126 - URL launched
2024-04-06 22:13:54 DEBUG TestBase:68 - Clicking on SIGN IN
2024-04-06 22:13:55 DEBUG TestBase:68 - Clicking on Next
2024-04-06 22:13:56 DEBUG TestBase:68 - Clicking on Sign in
2024-04-06 22:14:03 DEBUG TestBase:68 - Clicking on 
2024-04-06 22:14:13 INFO  TestBase:126 - URL launched
2024-04-06 22:14:13 DEBUG TestBase:68 - Clicking on SIGN IN
2024-04-06 22:14:15 DEBUG TestBase:68 - Clicking on Next
2024-04-06 22:14:16 DEBUG TestBase:68 - Clicking on Sign in
2024-04-06 22:14:24 DEBUG TestBase:68 - Clicking on 
2024-04-06 22:14:39 INFO  TestBase:126 - URL launched
2024-04-06 22:14:39 DEBUG TestBase:68 - Clicking on SIGN IN
2024-04-06 22:14:40 DEBUG TestBase:68 - Clicking on Next
2024-04-06 22:14:41 DEBUG TestBase:68 - Clicking on Sign in
2024-04-06 22:14:46 DEBUG TestBase:68 - Clicking on 
2024-04-06 22:18:55 INFO  TestBase:126 - URL launched
2024-04-06 22:18:55 DEBUG TestBase:68 - Clicking on SIGN IN
2024-04-06 22:18:57 DEBUG TestBase:68 - Clicking on Next
2024-04-06 22:18:58 DEBUG TestBase:68 - Clicking on Sign in
2024-04-06 22:19:04 DEBUG TestBase:68 - Clicking on Week
2024-04-06 22:19:08 INFO  TestBase:126 - URL launched
2024-04-06 22:19:09 DEBUG TestBase:68 - Clicking on SIGN IN
2024-04-06 22:19:10 DEBUG TestBase:68 - Clicking on Next
2024-04-06 22:19:11 DEBUG TestBase:68 - Clicking on Sign in
2024-04-06 22:19:17 DEBUG TestBase:68 - Clicking on Week
2024-04-06 22:19:43 INFO  TestBase:126 - URL launched
2024-04-06 22:19:43 DEBUG TestBase:68 - Clicking on SIGN IN
2024-04-06 22:19:44 DEBUG TestBase:68 - Clicking on Next
2024-04-06 22:19:45 DEBUG TestBase:68 - Clicking on Sign in
2024-04-06 22:19:51 DEBUG TestBase:68 - Clicking on Week
2024-04-06 22:30:59 INFO  TestBase:126 - URL launched
2024-04-06 22:30:59 DEBUG TestBase:68 - Clicking on SIGN IN
2024-04-06 22:31:01 DEBUG TestBase:68 - Clicking on Next
2024-04-06 22:31:02 DEBUG TestBase:68 - Clicking on Sign in
2024-04-06 22:31:11 DEBUG TestBase:68 - Clicking on New Event
2024-04-06 22:31:17 DEBUG TestBase:68 - Clicking on 
2024-04-06 22:31:17 DEBUG TestBase:68 - Clicking on 
2024-04-06 22:31:23 DEBUG TestBase:68 - Clicking on 12:00 am
2024-04-06 22:31:23 DEBUG TestBase:68 - Clicking on 
2024-04-06 22:31:23 DEBUG TestBase:68 - Clicking on 
2024-04-06 22:47:28 INFO  TestBase:126 - URL launched
2024-04-06 22:47:29 DEBUG TestBase:68 - Clicking on SIGN IN
2024-04-06 22:47:31 DEBUG TestBase:68 - Clicking on Next
2024-04-06 22:47:32 DEBUG TestBase:68 - Clicking on Sign in
2024-04-06 22:47:37 DEBUG TestBase:68 - Clicking on 
2024-04-06 22:47:38 DEBUG TestBase:68 - Clicking on Time Zone
2024-04-06 22:48:09 ERROR TestBase:72 - org.openqa.selenium.TimeoutException: Expected condition failed: waiting for visibility of Decorated {[[ChromeDriver: chrome on windows (c62534454744f51004a27d143c0550cd)] -> xpath: (//input[@type='checkbox'][@value='enable'])[2]]} (tried for 30 second(s) with 500 milliseconds interval)
Build info: version: '4.18.1', revision: 'b1d3319b48'
System info: os.name: 'Windows 11', os.arch: 'amd64', os.version: '10.0', java.version: '22'
Driver info: net.bytebuddy.renamed.java.lang.Object$ByteBuddy$56tWs0Jf
Capabilities {acceptInsecureCerts: false, browserName: chrome, browserVersion: 123.0.6312.106, chrome: {chromedriverVersion: 123.0.6312.105 (399174dbe6e..., userDataDir: C:\Users\SANJAY\AppData\Loc...}, fedcm:accounts: true, goog:chromeOptions: {debuggerAddress: localhost:50100}, networkConnectionEnabled: false, pageLoadStrategy: normal, platformName: windows, proxy: Proxy(), se:cdp: ws://localhost:50100/devtoo..., se:cdpVersion: 123.0.6312.106, setWindowRect: true, strictFileInteractability: false, timeouts: {implicit: 0, pageLoad: 300000, script: 30000}, unhandledPromptBehavior: dismiss and notify, webauthn:extension:credBlob: true, webauthn:extension:largeBlob: true, webauthn:extension:minPinLength: true, webauthn:extension:prf: true, webauthn:virtualAuthenticators: true}
Session ID: c62534454744f51004a27d143c0550cd
2024-04-06 22:53:28 INFO  TestBase:126 - URL launched
2024-04-06 22:53:29 DEBUG TestBase:68 - Clicking on SIGN IN
2024-04-06 22:53:30 DEBUG TestBase:68 - Clicking on Next
2024-04-06 22:53:32 DEBUG TestBase:68 - Clicking on Sign in
2024-04-06 22:53:40 DEBUG TestBase:68 - Clicking on Week
2024-04-06 22:54:06 INFO  TestBase:126 - URL launched
2024-04-06 22:54:06 DEBUG TestBase:68 - Clicking on SIGN IN
2024-04-06 22:54:09 DEBUG TestBase:68 - Clicking on Next
2024-04-06 22:54:10 DEBUG TestBase:68 - Clicking on Sign in
2024-04-06 22:54:20 DEBUG TestBase:68 - Clicking on Week
2024-04-06 22:54:24 INFO  TestBase:126 - URL launched
2024-04-06 22:54:25 DEBUG TestBase:68 - Clicking on SIGN IN
2024-04-06 22:54:26 DEBUG TestBase:68 - Clicking on Next
2024-04-06 22:54:27 DEBUG TestBase:68 - Clicking on Sign in
2024-04-06 22:54:33 DEBUG TestBase:68 - Clicking on Week
2024-04-06 22:58:22 INFO  TestBase:126 - URL launched
2024-04-06 22:58:22 DEBUG TestBase:68 - Clicking on SIGN IN
2024-04-06 22:58:24 DEBUG TestBase:68 - Clicking on Next
2024-04-06 22:58:25 DEBUG TestBase:68 - Clicking on Sign in
2024-04-06 22:58:32 DEBUG TestBase:68 - Clicking on New Event
2024-04-06 22:58:38 DEBUG TestBase:68 - Clicking on 
2024-04-06 22:58:39 DEBUG TestBase:68 - Clicking on 
2024-04-06 22:58:44 DEBUG TestBase:68 - Clicking on 12:00 am
2024-04-06 22:58:44 DEBUG TestBase:68 - Clicking on 
2024-04-06 22:58:45 DEBUG TestBase:68 - Clicking on 
2024-04-06 22:58:54 INFO  TestBase:126 - URL launched
2024-04-06 22:58:54 DEBUG TestBase:68 - Clicking on SIGN IN
2024-04-06 22:58:56 DEBUG TestBase:68 - Clicking on Next
2024-04-06 22:58:57 DEBUG TestBase:68 - Clicking on Sign in
2024-04-06 22:59:24 DEBUG TestBase:68 - Clicking on 
2024-04-06 22:59:34 INFO  TestBase:126 - URL launched
2024-04-06 22:59:34 DEBUG TestBase:68 - Clicking on SIGN IN
2024-04-06 22:59:35 DEBUG TestBase:68 - Clicking on Next
2024-04-06 22:59:36 DEBUG TestBase:68 - Clicking on Sign in
2024-04-06 22:59:53 DEBUG TestBase:68 - Clicking on 
2024-04-06 23:00:07 INFO  TestBase:126 - URL launched
2024-04-06 23:00:07 DEBUG TestBase:68 - Clicking on SIGN IN
2024-04-06 23:00:09 DEBUG TestBase:68 - Clicking on Next
2024-04-06 23:00:10 DEBUG TestBase:68 - Clicking on Sign in
2024-04-07 00:52:47 INFO  TestBase:126 - URL launched
2024-04-07 00:52:48 DEBUG TestBase:68 - Clicking on SIGN IN
2024-04-07 00:52:49 DEBUG TestBase:68 - Clicking on Next
2024-04-07 00:52:50 DEBUG TestBase:68 - Clicking on Sign in
2024-04-07 00:52:54 DEBUG TestBase:68 - Clicking on New Event
2024-04-07 00:53:00 DEBUG TestBase:68 - Clicking on 
2024-04-07 00:53:01 DEBUG TestBase:68 - Clicking on 
2024-04-07 00:53:06 DEBUG TestBase:68 - Clicking on 12:00 am
2024-04-07 00:53:06 DEBUG TestBase:68 - Clicking on 
2024-04-07 00:53:06 DEBUG TestBase:68 - Clicking on 
2024-04-07 00:53:12 DEBUG TestBase:68 - Clicking on 02:00 am
2024-04-07 00:53:13 DEBUG TestBase:68 - Clicking on Add conference
2024-04-07 00:54:05 ERROR TestBase:118 - org.openqa.selenium.TimeoutException: Expected condition failed: waiting for visibility of Proxy element for: DefaultElementLocator 'By.xpath: //*[@id='input-:ro:']' (tried for 30 second(s) with 500 milliseconds interval)
2024-04-07 23:27:00 INFO  TestBase:126 - URL launched
2024-04-07 23:27:01 DEBUG TestBase:68 - Clicking on SIGN IN
2024-04-07 23:27:04 DEBUG TestBase:68 - Clicking on Next
2024-04-07 23:27:05 DEBUG TestBase:68 - Clicking on Sign in
2024-04-07 23:27:12 DEBUG TestBase:68 - Clicking on New Event
2024-04-07 23:27:18 DEBUG TestBase:68 - Clicking on 
2024-04-07 23:27:19 DEBUG TestBase:68 - Clicking on 
2024-04-07 23:27:25 DEBUG TestBase:68 - Clicking on 12:00 am
2024-04-07 23:27:25 DEBUG TestBase:68 - Clicking on 
2024-04-07 23:27:26 DEBUG TestBase:68 - Clicking on 
2024-04-07 23:27:31 DEBUG TestBase:68 - Clicking on 11:45 pm
2024-04-07 23:27:34 DEBUG TestBase:68 - Clicking on Add conference
2024-04-07 23:28:22 ERROR TestBase:118 - org.openqa.selenium.TimeoutException: Expected condition failed: waiting for visibility of Proxy element for: DefaultElementLocator 'By.xpath: //*[@id='input-:ro:']' (tried for 30 second(s) with 500 milliseconds interval)
2024-04-07 23:32:07 INFO  TestBase:126 - URL launched
2024-04-07 23:32:08 DEBUG TestBase:68 - Clicking on SIGN IN
2024-04-07 23:32:11 DEBUG TestBase:68 - Clicking on Next
2024-04-07 23:32:12 DEBUG TestBase:68 - Clicking on Sign in
2024-04-07 23:32:18 DEBUG TestBase:68 - Clicking on New Event
2024-04-07 23:32:25 DEBUG TestBase:68 - Clicking on 
2024-04-07 23:32:26 DEBUG TestBase:68 - Clicking on 
2024-04-07 23:32:32 DEBUG TestBase:68 - Clicking on 12:00 am
2024-04-07 23:32:32 DEBUG TestBase:68 - Clicking on 
2024-04-07 23:32:33 DEBUG TestBase:68 - Clicking on 
2024-04-07 23:32:39 DEBUG TestBase:68 - Clicking on 01:00 am
2024-04-07 23:32:41 DEBUG TestBase:68 - Clicking on Add conference
2024-04-07 23:33:29 ERROR TestBase:118 - org.openqa.selenium.TimeoutException: Expected condition failed: waiting for visibility of Proxy element for: DefaultElementLocator 'By.xpath: //*[@placeholder='Description']' (tried for 30 second(s) with 500 milliseconds interval)
2024-04-07 23:35:50 INFO  TestBase:126 - URL launched
2024-04-07 23:35:50 DEBUG TestBase:68 - Clicking on SIGN IN
2024-04-07 23:35:53 DEBUG TestBase:68 - Clicking on Next
2024-04-07 23:35:55 DEBUG TestBase:68 - Clicking on Sign in
2024-04-07 23:36:02 DEBUG TestBase:68 - Clicking on New Event
2024-04-07 23:36:08 DEBUG TestBase:68 - Clicking on 
2024-04-07 23:36:09 DEBUG TestBase:68 - Clicking on 
2024-04-07 23:36:15 DEBUG TestBase:68 - Clicking on 12:00 am
2024-04-07 23:36:15 DEBUG TestBase:68 - Clicking on 
2024-04-07 23:36:16 DEBUG TestBase:68 - Clicking on 
2024-04-07 23:36:22 DEBUG TestBase:68 - Clicking on 01:00 am
2024-04-07 23:36:24 DEBUG TestBase:68 - Clicking on Add conference
2024-04-07 23:37:54 ERROR TestBase:118 - org.openqa.selenium.TimeoutException: Expected condition failed: waiting for visibility of Proxy element for: DefaultElementLocator 'By.xpath: //*[@placeholder='Description']' (tried for 30 second(s) with 500 milliseconds interval)
2024-04-07 23:45:52 INFO  TestBase:126 - URL launched
2024-04-07 23:45:53 DEBUG TestBase:68 - Clicking on SIGN IN
2024-04-07 23:45:57 DEBUG TestBase:68 - Clicking on Next
2024-04-07 23:45:58 DEBUG TestBase:68 - Clicking on Sign in
2024-04-07 23:46:05 DEBUG TestBase:68 - Clicking on New Event
2024-04-07 23:46:12 DEBUG TestBase:68 - Clicking on 
2024-04-07 23:46:13 DEBUG TestBase:68 - Clicking on 
2024-04-07 23:46:19 DEBUG TestBase:68 - Clicking on 12:00 am
2024-04-07 23:46:19 DEBUG TestBase:68 - Clicking on 
2024-04-07 23:46:20 DEBUG TestBase:68 - Clicking on 
2024-04-07 23:46:26 DEBUG TestBase:68 - Clicking on 01:00 am
2024-04-07 23:46:28 DEBUG TestBase:68 - Clicking on Add conference
2024-04-07 23:47:57 ERROR TestBase:118 - org.openqa.selenium.TimeoutException: Expected condition failed: waiting for visibility of Proxy element for: DefaultElementLocator 'By.xpath: //*[@placeholder='Description']' (tried for 30 second(s) with 500 milliseconds interval)
2024-04-07 23:52:58 INFO  TestBase:126 - URL launched
2024-04-07 23:52:59 DEBUG TestBase:68 - Clicking on SIGN IN
2024-04-07 23:53:02 DEBUG TestBase:68 - Clicking on Next
2024-04-07 23:53:04 DEBUG TestBase:68 - Clicking on Sign in
2024-04-07 23:53:12 DEBUG TestBase:68 - Clicking on New Event
2024-04-07 23:53:19 DEBUG TestBase:68 - Clicking on 
2024-04-07 23:53:20 DEBUG TestBase:68 - Clicking on 
2024-04-07 23:53:26 DEBUG TestBase:68 - Clicking on 12:00 am
2024-04-07 23:53:26 DEBUG TestBase:68 - Clicking on 
2024-04-07 23:53:26 DEBUG TestBase:68 - Clicking on 
2024-04-07 23:53:32 DEBUG TestBase:68 - Clicking on 01:00 am
2024-04-07 23:53:35 DEBUG TestBase:68 - Clicking on Add conference
2024-04-07 23:55:04 ERROR TestBase:128 - org.openqa.selenium.TimeoutException: Expected condition failed: waiting for visibility of Proxy element for: DefaultElementLocator 'By.xpath: //*[@placeholder='Description']' (tried for 30 second(s) with 500 milliseconds interval)
2024-04-08 00:08:54 INFO  TestBase:126 - URL launched
2024-04-08 00:08:54 DEBUG TestBase:68 - Clicking on SIGN IN
2024-04-08 00:08:57 DEBUG TestBase:68 - Clicking on Next
2024-04-08 00:08:59 DEBUG TestBase:68 - Clicking on Sign in
2024-04-08 00:09:06 DEBUG TestBase:68 - Clicking on New Event
2024-04-08 00:09:13 DEBUG TestBase:68 - Clicking on 
2024-04-08 00:09:14 DEBUG TestBase:68 - Clicking on 
2024-04-08 00:09:20 DEBUG TestBase:68 - Clicking on 12:00 am
2024-04-08 00:09:20 DEBUG TestBase:68 - Clicking on 
2024-04-08 00:09:21 DEBUG TestBase:68 - Clicking on 
2024-04-08 00:09:27 DEBUG TestBase:68 - Clicking on 01:30 am
2024-04-08 00:09:31 DEBUG TestBase:68 - Clicking on Add conference
2024-04-08 00:09:44 DEBUG TestBase:68 - Clicking on Save
2024-04-08 00:09:52 DEBUG TestBase:68 - Clicking on Confirm
2024-04-08 00:14:17 INFO  TestBase:126 - URL launched
2024-04-08 00:14:18 DEBUG TestBase:68 - Clicking on SIGN IN
2024-04-08 00:14:21 DEBUG TestBase:68 - Clicking on Next
2024-04-08 00:14:23 DEBUG TestBase:68 - Clicking on Sign in
2024-04-08 00:14:30 DEBUG TestBase:68 - Clicking on New Event
2024-04-08 00:14:37 DEBUG TestBase:68 - Clicking on 
2024-04-08 00:14:37 DEBUG TestBase:68 - Clicking on 
2024-04-08 00:14:43 DEBUG TestBase:68 - Clicking on 12:00 am
2024-04-08 00:14:43 DEBUG TestBase:68 - Clicking on 
2024-04-08 00:14:44 DEBUG TestBase:68 - Clicking on 
2024-04-08 00:14:50 DEBUG TestBase:68 - Clicking on 01:30 am
2024-04-08 00:14:52 DEBUG TestBase:68 - Clicking on Add conference
2024-04-08 00:15:05 DEBUG TestBase:68 - Clicking on Save
2024-04-08 00:15:11 DEBUG TestBase:68 - Clicking on Confirm
2024-04-08 00:18:17 INFO  TestBase:126 - URL launched
2024-04-08 00:18:21 DEBUG TestBase:68 - Clicking on SIGN IN
2024-04-08 00:18:24 DEBUG TestBase:68 - Clicking on Next
2024-04-08 00:18:25 DEBUG TestBase:68 - Clicking on Sign in
2024-04-08 00:18:50 DEBUG TestBase:68 - Clicking on New Event
2024-04-08 00:18:56 DEBUG TestBase:68 - Clicking on 
2024-04-08 00:18:57 DEBUG TestBase:68 - Clicking on 
2024-04-08 00:19:03 DEBUG TestBase:68 - Clicking on 12:00 am
2024-04-08 00:19:04 DEBUG TestBase:68 - Clicking on 
2024-04-08 00:19:04 DEBUG TestBase:68 - Clicking on 
2024-04-08 00:19:10 DEBUG TestBase:68 - Clicking on 01:30 am
2024-04-08 00:19:12 DEBUG TestBase:68 - Clicking on Add conference
2024-04-08 00:19:25 DEBUG TestBase:68 - Clicking on Save
2024-04-08 00:19:31 DEBUG TestBase:68 - Clicking on Confirm
2024-04-08 00:19:44 INFO  TestBase:126 - URL launched
2024-04-08 00:19:44 DEBUG TestBase:68 - Clicking on SIGN IN
2024-04-08 00:19:47 DEBUG TestBase:68 - Clicking on Next
2024-04-08 00:19:49 DEBUG TestBase:68 - Clicking on Sign in
2024-04-08 00:19:56 DEBUG TestBase:68 - Clicking on 
2024-04-08 00:20:09 INFO  TestBase:126 - URL launched
2024-04-08 00:20:33 DEBUG TestBase:68 - Clicking on SIGN IN
2024-04-08 00:20:36 DEBUG TestBase:68 - Clicking on Next
2024-04-08 00:20:37 DEBUG TestBase:68 - Clicking on Sign in
2024-04-08 00:20:45 DEBUG TestBase:68 - Clicking on 
2024-04-08 00:20:48 DEBUG TestBase:68 - Clicking on 
2024-04-08 00:20:49 DEBUG TestBase:68 - Clicking on 
2024-04-08 00:20:51 DEBUG TestBase:68 - Clicking on 
2024-04-08 00:20:52 DEBUG TestBase:68 - Clicking on 
2024-04-08 00:20:53 DEBUG TestBase:68 - Clicking on 12:00 am
2024-04-08 00:20:53 DEBUG TestBase:68 - Clicking on 
2024-04-08 00:20:54 DEBUG TestBase:68 - Clicking on 
2024-04-08 00:20:55 DEBUG TestBase:68 - Clicking on 01:30 am
2024-04-08 00:20:55 DEBUG TestBase:68 - Clicking on Save
2024-04-08 00:21:33 INFO  TestBase:126 - URL launched
2024-04-08 00:21:33 DEBUG TestBase:68 - Clicking on SIGN IN
2024-04-08 00:21:35 DEBUG TestBase:68 - Clicking on Next
2024-04-08 00:21:37 DEBUG TestBase:68 - Clicking on Sign in
2024-04-08 00:21:45 DEBUG TestBase:68 - Clicking on 
2024-04-08 00:21:49 DEBUG TestBase:68 - Clicking on 
2024-04-08 00:21:49 DEBUG TestBase:68 - Clicking on Confirm
2024-04-08 00:21:55 DEBUG TestBase:68 - Clicking on Confirm
2024-04-08 00:22:18 INFO  TestBase:126 - URL launched
2024-04-08 00:22:18 DEBUG TestBase:68 - Clicking on SIGN IN
2024-04-08 00:22:21 DEBUG TestBase:68 - Clicking on Next
2024-04-08 00:22:22 DEBUG TestBase:68 - Clicking on Sign in
2024-04-08 00:22:28 DEBUG TestBase:68 - Clicking on 
2024-04-08 00:23:29 ERROR TestBase:72 - org.openqa.selenium.TimeoutException: Expected condition failed: waiting for visibility of Proxy element for: DefaultElementLocator 'By.xpath: //*[@href='//accounts.zoho.in']' (tried for 30 second(s) with 500 milliseconds interval)
2024-04-08 00:23:35 INFO  TestBase:126 - URL launched
2024-04-08 00:23:36 DEBUG TestBase:68 - Clicking on SIGN IN
2024-04-08 00:23:38 DEBUG TestBase:68 - Clicking on Next
2024-04-08 00:23:40 DEBUG TestBase:68 - Clicking on Sign in
2024-04-08 00:23:47 DEBUG TestBase:68 - Clicking on 
2024-04-08 00:23:49 DEBUG TestBase:68 - Clicking on Mail
2024-04-08 00:24:04 INFO  TestBase:126 - URL launched
2024-04-08 00:24:05 DEBUG TestBase:68 - Clicking on SIGN IN
2024-04-08 00:24:07 DEBUG TestBase:68 - Clicking on Next
2024-04-08 00:24:09 DEBUG TestBase:68 - Clicking on Sign in
2024-04-08 00:24:17 DEBUG TestBase:68 - Clicking on 
2024-04-08 00:24:19 DEBUG TestBase:68 - Clicking on Mail
2024-04-08 00:24:35 INFO  TestBase:126 - URL launched
2024-04-08 00:24:39 DEBUG TestBase:68 - Clicking on SIGN IN
2024-04-08 00:24:42 DEBUG TestBase:68 - Clicking on Next
2024-04-08 00:24:43 DEBUG TestBase:68 - Clicking on Sign in
2024-04-08 00:25:01 DEBUG TestBase:68 - Clicking on Week
2024-04-08 00:25:30 INFO  TestBase:126 - URL launched
2024-04-08 00:25:30 DEBUG TestBase:68 - Clicking on SIGN IN
2024-04-08 00:25:32 DEBUG TestBase:68 - Clicking on Next
2024-04-08 00:25:34 DEBUG TestBase:68 - Clicking on Sign in
2024-04-08 00:25:49 DEBUG TestBase:68 - Clicking on Week
2024-04-08 00:25:58 INFO  TestBase:126 - URL launched
2024-04-08 00:25:58 DEBUG TestBase:68 - Clicking on SIGN IN
2024-04-08 00:26:01 DEBUG TestBase:68 - Clicking on Next
2024-04-08 00:26:02 DEBUG TestBase:68 - Clicking on Sign in
2024-04-08 00:26:13 DEBUG TestBase:68 - Clicking on Week
2024-04-08 00:26:23 INFO  TestBase:126 - URL launched
2024-04-08 00:26:24 DEBUG TestBase:68 - Clicking on SIGN IN
2024-04-08 00:26:26 DEBUG TestBase:68 - Clicking on Next
2024-04-08 00:26:28 DEBUG TestBase:68 - Clicking on Sign in
2024-04-08 00:26:49 DEBUG TestBase:68 - Clicking on 
2024-04-08 00:26:50 DEBUG TestBase:68 - Clicking on Time Zone
2024-04-08 00:26:51 DEBUG TestBase:68 - Clicking on Change secondary Time Zone
2024-04-08 00:27:01 DEBUG TestBase:68 - Clicking on Done
2024-04-08 00:27:34 INFO  TestBase:126 - URL launched
2024-04-08 00:27:35 DEBUG TestBase:68 - Clicking on SIGN IN
2024-04-08 00:27:37 DEBUG TestBase:68 - Clicking on Next
2024-04-08 00:27:38 DEBUG TestBase:68 - Clicking on Sign in
2024-04-08 00:27:53 INFO  TestBase:126 - URL launched
2024-04-08 00:27:54 DEBUG TestBase:68 - Clicking on SIGN IN
2024-04-08 00:27:57 DEBUG TestBase:68 - Clicking on Next
2024-04-08 00:28:27 ERROR TestBase:128 - org.openqa.selenium.TimeoutException: Expected condition failed: waiting for visibility of Decorated {[[ChromeDriver: chrome on windows (e2adef834e40cbde942b88b4af968996)] -> id: password]} (tried for 30 second(s) with 500 milliseconds interval)
Build info: version: '4.18.1', revision: 'b1d3319b48'
System info: os.name: 'Windows 11', os.arch: 'amd64', os.version: '10.0', java.version: '22'
Driver info: net.bytebuddy.renamed.java.lang.Object$ByteBuddy$EUcHrVRO
Capabilities {acceptInsecureCerts: false, browserName: chrome, browserVersion: 123.0.6312.106, chrome: {chromedriverVersion: 123.0.6312.105 (399174dbe6e..., userDataDir: C:\Users\SANJAY\AppData\Loc...}, fedcm:accounts: true, goog:chromeOptions: {debuggerAddress: localhost:58042}, networkConnectionEnabled: false, pageLoadStrategy: normal, platformName: windows, proxy: Proxy(), se:cdp: ws://localhost:58042/devtoo..., se:cdpVersion: 123.0.6312.106, setWindowRect: true, strictFileInteractability: false, timeouts: {implicit: 0, pageLoad: 300000, script: 30000}, unhandledPromptBehavior: dismiss and notify, webauthn:extension:credBlob: true, webauthn:extension:largeBlob: true, webauthn:extension:minPinLength: true, webauthn:extension:prf: true, webauthn:virtualAuthenticators: true}
Session ID: e2adef834e40cbde942b88b4af968996
2024-04-08 00:28:29 DEBUG cache:45 - Couldn't find template in cache for "Extent.ftl"("en_US", UTF-8, parsed); will try to load it.
2024-04-08 00:28:29 DEBUG cache:45 - TemplateLoader.findTemplateSource("Extent_en_US.ftl"): Not found
2024-04-08 00:28:29 DEBUG cache:45 - TemplateLoader.findTemplateSource("Extent_en.ftl"): Not found
2024-04-08 00:28:29 DEBUG cache:45 - TemplateLoader.findTemplateSource("Extent.ftl"): Found
2024-04-08 00:28:29 DEBUG cache:45 - Loading template for "Extent.ftl"("en_US", UTF-8, parsed) from "jar:file:/C:/Users/SANJAY/.m2/repository/com/relevantcodes/extentreports/2.41.2/extentreports-2.41.2.jar!/com/relevantcodes/extentreports/view/Extent.ftl"
2024-04-08 00:28:29 DEBUG cache:45 - Couldn't find template in cache for "Extent.ftl"("en_US", UTF-8, parsed); will try to load it.
2024-04-08 00:28:29 DEBUG cache:45 - TemplateLoader.findTemplateSource("Extent_en_US.ftl"): Not found
2024-04-08 00:28:29 DEBUG cache:45 - TemplateLoader.findTemplateSource("Extent_en.ftl"): Not found
2024-04-08 00:28:29 DEBUG cache:45 - TemplateLoader.findTemplateSource("Extent.ftl"): Found
2024-04-08 00:28:29 DEBUG cache:45 - Loading template for "Extent.ftl"("en_US", UTF-8, parsed) from "jar:file:/C:/Users/SANJAY/.m2/repository/com/relevantcodes/extentreports/2.41.2/extentreports-2.41.2.jar!/com/relevantcodes/extentreports/view/Extent.ftl"
2024-04-08 00:33:04 INFO  TestBase:126 - URL launched
2024-04-08 00:33:09 DEBUG TestBase:68 - Clicking on SIGN IN
2024-04-08 00:33:13 DEBUG TestBase:68 - Clicking on Next
2024-04-08 00:33:14 DEBUG TestBase:68 - Clicking on Sign in
2024-04-08 00:33:32 DEBUG TestBase:68 - Clicking on 
2024-04-08 00:33:34 DEBUG TestBase:68 - Clicking on How to
2024-04-08 00:33:41 DEBUG TestBase:68 - Clicking on Help
2024-04-08 00:33:47 DEBUG TestBase:68 - Clicking on Blog
2024-04-08 00:33:56 DEBUG TestBase:68 - Clicking on Community
2024-04-10 19:28:34 INFO  TestBase:126 - URL launched
2024-04-10 19:28:35 DEBUG TestBase:68 - Clicking on SIGN IN
2024-04-10 19:28:36 DEBUG TestBase:68 - Clicking on Next
2024-04-10 19:28:38 DEBUG TestBase:68 - Clicking on Sign in
2024-04-10 19:28:51 DEBUG TestBase:68 - Clicking on New Event
2024-04-10 19:28:57 DEBUG TestBase:68 - Clicking on 
2024-04-10 19:28:57 DEBUG TestBase:68 - Clicking on 
2024-04-10 19:29:03 DEBUG TestBase:68 - Clicking on 12:00 am
2024-04-10 19:29:03 DEBUG TestBase:68 - Clicking on 
2024-04-10 19:29:04 DEBUG TestBase:68 - Clicking on 
2024-04-10 19:29:09 DEBUG TestBase:68 - Clicking on 08:30 pm
2024-04-10 19:29:10 DEBUG TestBase:68 - Clicking on Add conference
2024-04-10 19:29:22 DEBUG TestBase:68 - Clicking on Save
2024-04-10 19:29:27 DEBUG TestBase:68 - Clicking on Confirm
2024-04-15 23:38:50 INFO  TestBase:126 - URL launched
2024-04-15 23:38:51 DEBUG TestBase:68 - Clicking on SIGN IN
2024-04-15 23:38:53 DEBUG TestBase:68 - Clicking on Next
2024-04-15 23:38:54 DEBUG TestBase:68 - Clicking on Sign in
2024-04-15 23:39:12 DEBUG TestBase:68 - Clicking on New Event
2024-04-15 23:39:18 DEBUG TestBase:68 - Clicking on 
2024-04-15 23:39:19 DEBUG TestBase:68 - Clicking on 
2024-04-15 23:39:24 DEBUG TestBase:68 - Clicking on 12:00 am
2024-04-15 23:39:25 DEBUG TestBase:68 - Clicking on 
2024-04-15 23:39:25 DEBUG TestBase:68 - Clicking on 
2024-04-15 23:39:31 DEBUG TestBase:68 - Clicking on 01:00 am
2024-04-15 23:39:33 DEBUG TestBase:68 - Clicking on Add conference
2024-04-15 23:39:45 DEBUG TestBase:68 - Clicking on Save
2024-04-15 23:39:51 DEBUG TestBase:68 - Clicking on Confirm
2024-04-15 23:40:02 INFO  TestBase:126 - URL launched
2024-04-15 23:40:02 DEBUG TestBase:68 - Clicking on SIGN IN
2024-04-15 23:40:04 DEBUG TestBase:68 - Clicking on Next
2024-04-15 23:40:05 DEBUG TestBase:68 - Clicking on Sign in
2024-04-15 23:40:42 ERROR TestBase:72 - org.openqa.selenium.TimeoutException: Expected condition failed: waiting for visibility of Decorated {[[ChromeDriver: chrome on windows (4cc85f1489ac0630e7d6fb2b8ec8433f)] -> xpath: //*[@placeholder='Search Events']]} (tried for 30 second(s) with 500 milliseconds interval)
2024-04-15 23:40:47 INFO  TestBase:126 - URL launched
2024-04-15 23:40:48 DEBUG TestBase:68 - Clicking on SIGN IN
2024-04-15 23:40:50 DEBUG TestBase:68 - Clicking on Next
2024-04-15 23:40:51 DEBUG TestBase:68 - Clicking on Sign in
2024-04-15 23:41:23 ERROR TestBase:72 - org.openqa.selenium.TimeoutException: Expected condition failed: waiting for visibility of Decorated {[[ChromeDriver: chrome on windows (f4faefa19e2985b1d68f8064786529b5)] -> xpath: //*[@placeholder='Search Events']]} (tried for 30 second(s) with 500 milliseconds interval)
2024-04-15 23:41:28 INFO  TestBase:126 - URL launched
2024-04-15 23:41:28 DEBUG TestBase:68 - Clicking on SIGN IN
2024-04-15 23:41:31 DEBUG TestBase:68 - Clicking on Next
2024-04-15 23:41:32 DEBUG TestBase:68 - Clicking on Sign in
2024-04-15 23:42:00 DEBUG TestBase:68 - Clicking on 
2024-04-15 23:42:03 DEBUG TestBase:68 - Clicking on 
2024-04-15 23:42:04 DEBUG TestBase:68 - Clicking on Confirm
2024-04-15 23:42:10 DEBUG TestBase:68 - Clicking on Confirm
2024-04-15 23:42:30 INFO  TestBase:126 - URL launched
2024-04-15 23:42:30 DEBUG TestBase:68 - Clicking on SIGN IN
2024-04-15 23:42:32 DEBUG TestBase:68 - Clicking on Next
2024-04-15 23:42:33 DEBUG TestBase:68 - Clicking on Sign in
2024-04-15 23:42:38 DEBUG TestBase:68 - Clicking on 
2024-04-15 23:49:06 INFO  TestBase:126 - URL launched
2024-04-15 23:49:06 DEBUG TestBase:68 - Clicking on SIGN IN
2024-04-15 23:49:08 DEBUG TestBase:68 - Clicking on Next
2024-04-15 23:49:09 DEBUG TestBase:68 - Clicking on Sign in
2024-04-15 23:49:14 DEBUG TestBase:68 - Clicking on 
2024-04-15 23:49:16 DEBUG TestBase:68 - Clicking on Mail
2024-04-15 23:49:27 INFO  TestBase:126 - URL launched
2024-04-15 23:49:27 DEBUG TestBase:68 - Clicking on SIGN IN
2024-04-15 23:49:28 DEBUG TestBase:68 - Clicking on Next
2024-04-15 23:49:29 DEBUG TestBase:68 - Clicking on Sign in
2024-04-15 23:49:36 DEBUG TestBase:68 - Clicking on 
2024-04-15 23:49:37 DEBUG TestBase:68 - Clicking on Mail
2024-04-15 23:49:48 INFO  TestBase:126 - URL launched
2024-04-15 23:49:48 DEBUG TestBase:68 - Clicking on SIGN IN
2024-04-15 23:49:49 DEBUG TestBase:68 - Clicking on Next
2024-04-15 23:49:50 DEBUG TestBase:68 - Clicking on Sign in
2024-04-15 23:49:56 DEBUG TestBase:68 - Clicking on Week
2024-04-15 23:50:01 INFO  TestBase:126 - URL launched
2024-04-15 23:50:01 DEBUG TestBase:68 - Clicking on SIGN IN
2024-04-15 23:50:02 DEBUG TestBase:68 - Clicking on Next
2024-04-15 23:50:03 DEBUG TestBase:68 - Clicking on Sign in
2024-04-15 23:50:09 DEBUG TestBase:68 - Clicking on Week
2024-04-15 23:50:15 INFO  TestBase:126 - URL launched
2024-04-15 23:50:16 DEBUG TestBase:68 - Clicking on SIGN IN
2024-04-15 23:50:17 DEBUG TestBase:68 - Clicking on Next
2024-04-15 23:50:18 DEBUG TestBase:68 - Clicking on Sign in
2024-04-15 23:50:24 DEBUG TestBase:68 - Clicking on Week
2024-04-15 23:50:29 INFO  TestBase:126 - URL launched
2024-04-15 23:50:29 DEBUG TestBase:68 - Clicking on SIGN IN
2024-04-15 23:50:30 DEBUG TestBase:68 - Clicking on Next
2024-04-15 23:50:31 DEBUG TestBase:68 - Clicking on Sign in
2024-04-15 23:50:35 DEBUG TestBase:68 - Clicking on 
2024-04-15 23:51:05 ERROR TestBase:72 - org.openqa.selenium.TimeoutException: Expected condition failed: waiting for visibility of Proxy element for: DefaultElementLocator 'By.xpath: //span[contains(text(),'Time Zone')][@class='zmsettings-nav-action-primary-name']' (tried for 30 second(s) with 500 milliseconds interval)
2024-04-15 23:51:09 INFO  TestBase:126 - URL launched
2024-04-15 23:51:10 DEBUG TestBase:68 - Clicking on SIGN IN
2024-04-15 23:51:11 DEBUG TestBase:68 - Clicking on Next
2024-04-15 23:51:12 DEBUG TestBase:68 - Clicking on Sign in
2024-04-15 23:51:23 DEBUG TestBase:68 - Clicking on Send
2024-04-15 23:51:30 INFO  TestBase:126 - URL launched
2024-04-15 23:51:30 DEBUG TestBase:68 - Clicking on SIGN IN
2024-04-15 23:51:32 DEBUG TestBase:68 - Clicking on Next
2024-04-15 23:51:33 DEBUG TestBase:68 - Clicking on Sign in
2024-04-15 23:51:38 DEBUG TestBase:68 - Clicking on 
2024-04-15 23:51:39 DEBUG TestBase:68 - Clicking on How to
2024-04-15 23:51:44 DEBUG TestBase:68 - Clicking on Help
2024-04-15 23:51:50 DEBUG TestBase:68 - Clicking on Blog
2024-04-15 23:51:55 DEBUG TestBase:68 - Clicking on Community
2024-04-16 00:09:38 INFO  TestBase:126 - URL launched
2024-04-16 00:09:38 DEBUG TestBase:68 - Clicking on SIGN IN
2024-04-16 00:09:40 DEBUG TestBase:68 - Clicking on Next
2024-04-16 00:09:41 DEBUG TestBase:68 - Clicking on Sign in
2024-04-16 00:09:45 DEBUG TestBase:68 - Clicking on New Event
2024-04-16 00:09:51 DEBUG TestBase:68 - Clicking on 
2024-04-16 00:09:51 DEBUG TestBase:68 - Clicking on 
2024-04-16 00:09:57 DEBUG TestBase:68 - Clicking on 12:00 am
2024-04-16 00:09:57 DEBUG TestBase:68 - Clicking on 
2024-04-16 00:09:57 DEBUG TestBase:68 - Clicking on 
2024-04-16 00:10:02 DEBUG TestBase:68 - Clicking on 10:30 pm
2024-04-16 00:10:04 DEBUG TestBase:68 - Clicking on Add conference
2024-04-16 00:10:16 DEBUG TestBase:68 - Clicking on Save
2024-04-16 00:10:21 DEBUG TestBase:68 - Clicking on Confirm
2024-04-16 00:10:31 INFO  TestBase:126 - URL launched
2024-04-16 00:10:31 DEBUG TestBase:68 - Clicking on SIGN IN
2024-04-16 00:10:33 DEBUG TestBase:68 - Clicking on Next
2024-04-16 00:10:34 DEBUG TestBase:68 - Clicking on Sign in
2024-04-16 00:10:39 DEBUG TestBase:68 - Clicking on 
2024-04-16 00:10:48 INFO  TestBase:126 - URL launched
2024-04-16 00:10:48 DEBUG TestBase:68 - Clicking on SIGN IN
2024-04-16 00:10:49 DEBUG TestBase:68 - Clicking on Next
2024-04-16 00:10:50 DEBUG TestBase:68 - Clicking on Sign in
2024-04-16 00:10:55 DEBUG TestBase:68 - Clicking on 
2024-04-16 00:10:57 DEBUG TestBase:68 - Clicking on 
2024-04-16 00:10:57 DEBUG TestBase:68 - Clicking on 
2024-04-16 00:10:58 DEBUG TestBase:68 - Clicking on 
2024-04-16 00:10:58 DEBUG TestBase:68 - Clicking on 
2024-04-16 00:10:59 DEBUG TestBase:68 - Clicking on 12:00 am
2024-04-16 00:10:59 DEBUG TestBase:68 - Clicking on 
2024-04-16 00:11:00 DEBUG TestBase:68 - Clicking on 
2024-04-16 00:11:00 DEBUG TestBase:68 - Clicking on 10:30 pm
2024-04-16 00:11:00 DEBUG TestBase:68 - Clicking on Save
2024-04-16 00:11:14 INFO  TestBase:126 - URL launched
2024-04-16 00:11:14 DEBUG TestBase:68 - Clicking on SIGN IN
2024-04-16 00:11:15 DEBUG TestBase:68 - Clicking on Next
2024-04-16 00:11:16 DEBUG TestBase:68 - Clicking on Sign in
2024-04-16 00:11:21 DEBUG TestBase:68 - Clicking on 
2024-04-16 00:11:38 INFO  TestBase:126 - URL launched
2024-04-16 00:11:38 DEBUG TestBase:68 - Clicking on SIGN IN
2024-04-16 00:11:39 DEBUG TestBase:68 - Clicking on Next
2024-04-16 00:11:40 DEBUG TestBase:68 - Clicking on Sign in
2024-04-16 00:11:45 DEBUG TestBase:68 - Clicking on 
2024-04-16 00:12:46 ERROR TestBase:72 - org.openqa.selenium.TimeoutException: Expected condition failed: waiting for visibility of Proxy element for: DefaultElementLocator 'By.xpath: //*[@href='//accounts.zoho.in']' (tried for 30 second(s) with 500 milliseconds interval)
2024-04-16 00:12:46 DEBUG cache:45 - Couldn't find template in cache for "Extent.ftl"("en_US", UTF-8, parsed); will try to load it.
2024-04-16 00:12:46 DEBUG cache:45 - TemplateLoader.findTemplateSource("Extent_en_US.ftl"): Not found
2024-04-16 00:12:46 DEBUG cache:45 - TemplateLoader.findTemplateSource("Extent_en.ftl"): Not found
2024-04-16 00:12:46 DEBUG cache:45 - TemplateLoader.findTemplateSource("Extent.ftl"): Found
2024-04-16 00:12:46 DEBUG cache:45 - Loading template for "Extent.ftl"("en_US", UTF-8, parsed) from "jar:file:/C:/Users/SANJAY/.m2/repository/com/relevantcodes/extentreports/2.41.2/extentreports-2.41.2.jar!/com/relevantcodes/extentreports/view/Extent.ftl"
2024-04-16 00:12:47 DEBUG cache:45 - Couldn't find template in cache for "Extent.ftl"("en_US", UTF-8, parsed); will try to load it.
2024-04-16 00:12:47 DEBUG cache:45 - TemplateLoader.findTemplateSource("Extent_en_US.ftl"): Not found
2024-04-16 00:12:47 DEBUG cache:45 - TemplateLoader.findTemplateSource("Extent_en.ftl"): Not found
2024-04-16 00:12:47 DEBUG cache:45 - TemplateLoader.findTemplateSource("Extent.ftl"): Found
2024-04-16 00:12:47 DEBUG cache:45 - Loading template for "Extent.ftl"("en_US", UTF-8, parsed) from "jar:file:/C:/Users/SANJAY/.m2/repository/com/relevantcodes/extentreports/2.41.2/extentreports-2.41.2.jar!/com/relevantcodes/extentreports/view/Extent.ftl"
2024-04-16 00:31:04 INFO  TestBase:126 - URL launched
2024-04-16 00:31:04 DEBUG TestBase:68 - Clicking on SIGN IN
2024-04-16 00:31:06 DEBUG TestBase:68 - Clicking on Next
2024-04-16 00:31:08 DEBUG TestBase:68 - Clicking on Sign in
2024-04-16 00:31:14 DEBUG TestBase:68 - Clicking on 
2024-04-16 00:41:53 INFO  TestBase:126 - URL launched
2024-04-16 00:41:53 DEBUG TestBase:68 - Clicking on SIGN IN
2024-04-16 00:41:55 DEBUG TestBase:68 - Clicking on Next
2024-04-16 00:41:56 DEBUG TestBase:68 - Clicking on Sign in
2024-04-16 00:42:00 DEBUG TestBase:68 - Clicking on New Event
2024-04-16 00:42:00 DEBUG TestBase:68 - Clicking on 
2024-04-16 00:42:01 DEBUG TestBase:68 - Clicking on 
2024-04-16 00:42:02 DEBUG TestBase:68 - Clicking on 12:00 am
2024-04-16 00:42:02 DEBUG TestBase:68 - Clicking on 
2024-04-16 00:42:02 DEBUG TestBase:68 - Clicking on 
2024-04-16 00:42:02 DEBUG TestBase:68 - Clicking on 11:00 pm
2024-04-16 00:42:04 DEBUG TestBase:68 - Clicking on Add conference
2024-04-16 00:42:06 DEBUG TestBase:68 - Clicking on Save
2024-04-16 00:42:06 DEBUG TestBase:68 - Clicking on Confirm
2024-04-16 00:43:08 INFO  TestBase:126 - URL launched
2024-04-16 00:43:09 DEBUG TestBase:68 - Clicking on SIGN IN
2024-04-16 00:43:10 DEBUG TestBase:68 - Clicking on Next
2024-04-16 00:43:11 DEBUG TestBase:68 - Clicking on Sign in
2024-04-16 00:43:15 DEBUG TestBase:68 - Clicking on 
2024-04-16 00:43:51 INFO  TestBase:126 - URL launched
2024-04-16 00:43:51 DEBUG TestBase:68 - Clicking on SIGN IN
2024-04-16 00:43:53 DEBUG TestBase:68 - Clicking on Next
2024-04-16 00:43:54 DEBUG TestBase:68 - Clicking on Sign in
2024-04-16 00:43:59 DEBUG TestBase:68 - Clicking on 
2024-04-16 00:44:00 DEBUG TestBase:68 - Clicking on 
2024-04-16 00:44:01 DEBUG TestBase:68 - Clicking on 
2024-04-16 00:44:01 DEBUG TestBase:68 - Clicking on 
2024-04-16 00:44:02 DEBUG TestBase:68 - Clicking on 
2024-04-16 00:44:03 DEBUG TestBase:68 - Clicking on 12:00 am
2024-04-16 00:44:03 DEBUG TestBase:68 - Clicking on 
2024-04-16 00:44:03 DEBUG TestBase:68 - Clicking on 
2024-04-16 00:44:04 DEBUG TestBase:68 - Clicking on 11:00 pm
2024-04-16 00:44:04 DEBUG TestBase:68 - Clicking on Save
2024-04-16 00:44:22 INFO  TestBase:126 - URL launched
2024-04-16 00:44:23 DEBUG TestBase:68 - Clicking on SIGN IN
2024-04-16 00:44:25 DEBUG TestBase:68 - Clicking on Next
2024-04-16 00:44:26 DEBUG TestBase:68 - Clicking on Sign in
2024-04-16 00:44:32 DEBUG TestBase:68 - Clicking on 
2024-04-16 00:48:50 INFO  TestBase:126 - URL launched
2024-04-16 00:48:50 DEBUG TestBase:68 - Clicking on SIGN IN
2024-04-16 00:48:52 DEBUG TestBase:68 - Clicking on Next
2024-04-16 00:48:53 DEBUG TestBase:68 - Clicking on Sign in
2024-04-16 00:48:58 DEBUG TestBase:68 - Clicking on 
2024-04-16 00:49:59 ERROR TestBase:72 - org.openqa.selenium.TimeoutException: Expected condition failed: waiting for visibility of Decorated {[[ChromeDriver: chrome on windows (5246ec0f59894882ba7c6377becd85e9)] -> xpath: //*[@href='//accounts.zoho.com']]} (tried for 30 second(s) with 500 milliseconds interval)
Build info: version: '4.18.1', revision: 'b1d3319b48'
System info: os.name: 'Windows 11', os.arch: 'amd64', os.version: '10.0', java.version: '22'
Driver info: net.bytebuddy.renamed.java.lang.Object$ByteBuddy$OikjCavl
Capabilities {acceptInsecureCerts: false, browserName: chrome, browserVersion: 123.0.6312.107, chrome: {chromedriverVersion: 123.0.6312.122 (31f8248cdd9..., userDataDir: C:\Users\SANJAY\AppData\Loc...}, fedcm:accounts: true, goog:chromeOptions: {debuggerAddress: localhost:63612}, networkConnectionEnabled: false, pageLoadStrategy: normal, platformName: windows, proxy: Proxy(), se:cdp: ws://localhost:63612/devtoo..., se:cdpVersion: 123.0.6312.107, setWindowRect: true, strictFileInteractability: false, timeouts: {implicit: 0, pageLoad: 300000, script: 30000}, unhandledPromptBehavior: dismiss and notify, webauthn:extension:credBlob: true, webauthn:extension:largeBlob: true, webauthn:extension:minPinLength: true, webauthn:extension:prf: true, webauthn:virtualAuthenticators: true}
Session ID: 5246ec0f59894882ba7c6377becd85e9
2024-04-16 00:51:27 INFO  TestBase:126 - URL launched
2024-04-16 00:51:27 DEBUG TestBase:68 - Clicking on SIGN IN
2024-04-16 00:51:29 DEBUG TestBase:68 - Clicking on Next
2024-04-16 00:51:30 DEBUG TestBase:68 - Clicking on Sign in
2024-04-16 00:51:36 DEBUG TestBase:68 - Clicking on 
2024-04-16 00:51:37 DEBUG TestBase:68 - Clicking on Mail
2024-04-16 00:51:43 INFO  TestBase:126 - URL launched
2024-04-16 00:51:43 DEBUG TestBase:68 - Clicking on SIGN IN
2024-04-16 00:51:44 DEBUG TestBase:68 - Clicking on Next
2024-04-16 00:51:45 DEBUG TestBase:68 - Clicking on Sign in
2024-04-16 00:52:01 DEBUG TestBase:68 - Clicking on 
2024-04-16 00:52:02 DEBUG TestBase:68 - Clicking on Mail
2024-04-16 01:00:48 INFO  TestBase:126 - URL launched
2024-04-16 01:00:49 DEBUG TestBase:68 - Clicking on SIGN IN
2024-04-16 01:00:50 DEBUG TestBase:68 - Clicking on Next
2024-04-16 01:00:51 DEBUG TestBase:68 - Clicking on Sign in
2024-04-16 01:01:22 ERROR TestBase:72 - org.openqa.selenium.TimeoutException: Expected condition failed: waiting for visibility of Proxy element for: DefaultElementLocator 'By.xpath: //*[contains(text(),'New Event')]' (tried for 30 second(s) with 500 milliseconds interval)
2024-04-16 01:03:08 INFO  TestBase:126 - URL launched
2024-04-16 01:03:08 DEBUG TestBase:68 - Clicking on SIGN IN
2024-04-16 01:03:10 DEBUG TestBase:68 - Clicking on Next
2024-04-16 01:03:11 DEBUG TestBase:68 - Clicking on Sign in
2024-04-16 01:03:15 DEBUG TestBase:68 - Clicking on New Event
2024-04-16 01:03:16 DEBUG TestBase:68 - Clicking on 
2024-04-16 01:03:16 DEBUG TestBase:68 - Clicking on 
2024-04-16 01:03:17 DEBUG TestBase:68 - Clicking on 12:00 am
2024-04-16 01:03:17 DEBUG TestBase:68 - Clicking on 
2024-04-16 01:03:17 DEBUG TestBase:68 - Clicking on 
2024-04-16 01:03:18 DEBUG TestBase:68 - Clicking on 02:30 am
2024-04-16 01:03:20 DEBUG TestBase:68 - Clicking on Add conference
2024-04-16 01:03:21 DEBUG TestBase:68 - Clicking on Save
2024-04-16 01:03:22 DEBUG TestBase:68 - Clicking on Confirm
2024-04-16 01:04:56 INFO  TestBase:126 - URL launched
2024-04-16 01:04:57 DEBUG TestBase:68 - Clicking on SIGN IN
2024-04-16 01:04:59 DEBUG TestBase:68 - Clicking on Next
2024-04-16 01:05:00 DEBUG TestBase:68 - Clicking on Sign in
2024-04-16 01:05:06 DEBUG TestBase:68 - Clicking on 
2024-04-16 01:05:08 DEBUG TestBase:68 - Clicking on 
2024-04-16 01:05:09 DEBUG TestBase:68 - Clicking on 
2024-04-16 01:05:09 DEBUG TestBase:68 - Clicking on 
2024-04-16 01:05:10 DEBUG TestBase:68 - Clicking on 
2024-04-16 01:05:10 DEBUG TestBase:68 - Clicking on 12:00 am
2024-04-16 01:05:11 DEBUG TestBase:68 - Clicking on 
2024-04-16 01:05:11 DEBUG TestBase:68 - Clicking on 
2024-04-16 01:05:12 DEBUG TestBase:68 - Clicking on 02:30 am
2024-04-16 01:05:12 DEBUG TestBase:68 - Clicking on Save
2024-04-16 01:08:11 INFO  TestBase:126 - URL launched
2024-04-16 01:08:11 DEBUG TestBase:68 - Clicking on SIGN IN
2024-04-16 01:08:14 DEBUG TestBase:68 - Clicking on Next
2024-04-16 01:08:15 DEBUG TestBase:68 - Clicking on Sign in
2024-04-16 01:08:20 DEBUG TestBase:68 - Clicking on Week
2024-04-16 01:08:24 INFO  TestBase:126 - URL launched
2024-04-16 01:08:24 DEBUG TestBase:68 - Clicking on SIGN IN
2024-04-16 01:08:26 DEBUG TestBase:68 - Clicking on Next
2024-04-16 01:08:27 DEBUG TestBase:68 - Clicking on Sign in
2024-04-16 01:08:31 DEBUG TestBase:68 - Clicking on Week
2024-04-16 01:08:35 INFO  TestBase:126 - URL launched
2024-04-16 01:08:36 DEBUG TestBase:68 - Clicking on SIGN IN
2024-04-16 01:08:37 DEBUG TestBase:68 - Clicking on Next
2024-04-16 01:08:38 DEBUG TestBase:68 - Clicking on Sign in
2024-04-16 01:08:42 DEBUG TestBase:68 - Clicking on Week
2024-04-16 01:10:14 INFO  TestBase:126 - URL launched
2024-04-16 01:10:15 DEBUG TestBase:68 - Clicking on SIGN IN
2024-04-16 01:10:16 DEBUG TestBase:68 - Clicking on Next
2024-04-16 01:10:17 DEBUG TestBase:68 - Clicking on Sign in
2024-04-16 01:10:21 DEBUG TestBase:68 - Clicking on 
2024-04-16 01:10:22 DEBUG TestBase:68 - Clicking on Time Zone
2024-04-16 01:10:23 DEBUG TestBase:68 - Clicking on Change secondary Time Zone
2024-04-16 01:15:46 INFO  TestBase:126 - URL launched
2024-04-16 01:15:47 DEBUG TestBase:68 - Clicking on SIGN IN
2024-04-16 01:15:49 DEBUG TestBase:68 - Clicking on Next
2024-04-16 01:15:50 DEBUG TestBase:68 - Clicking on Sign in
2024-04-16 01:15:56 DEBUG TestBase:68 - Clicking on 
2024-04-16 01:16:26 ERROR TestBase:72 - org.openqa.selenium.TimeoutException: Expected condition failed: waiting for visibility of Proxy element for: DefaultElementLocator 'By.xpath: //span[contains(text(),'Time Zone')][@class='zmsettings-nav-action-primary-name']' (tried for 30 second(s) with 500 milliseconds interval)
2024-04-16 01:17:49 INFO  TestBase:126 - URL launched
2024-04-16 01:17:50 DEBUG TestBase:68 - Clicking on SIGN IN
2024-04-16 01:17:51 DEBUG TestBase:68 - Clicking on Next
2024-04-16 01:17:52 DEBUG TestBase:68 - Clicking on Sign in
2024-04-16 01:17:58 DEBUG TestBase:68 - Clicking on 
2024-04-16 01:18:29 ERROR TestBase:72 - org.openqa.selenium.TimeoutException: Expected condition failed: waiting for visibility of Proxy element for: DefaultElementLocator 'By.xpath: //span[contains(text(),'Time Zone')][@class='zmsettings-nav-action-primary-name']' (tried for 30 second(s) with 500 milliseconds interval)
2024-04-16 01:18:45 INFO  TestBase:126 - URL launched
2024-04-16 01:18:45 DEBUG TestBase:68 - Clicking on SIGN IN
2024-04-16 01:18:46 DEBUG TestBase:68 - Clicking on Next
2024-04-16 01:18:47 DEBUG TestBase:68 - Clicking on Sign in
2024-04-16 01:18:52 DEBUG TestBase:68 - Clicking on 
2024-04-16 01:18:54 DEBUG TestBase:68 - Clicking on Mail
2024-04-16 01:18:58 INFO  TestBase:126 - URL launched
2024-04-16 01:18:58 DEBUG TestBase:68 - Clicking on SIGN IN
2024-04-16 01:19:00 DEBUG TestBase:68 - Clicking on Next
2024-04-16 01:19:01 DEBUG TestBase:68 - Clicking on Sign in
2024-04-16 01:19:07 DEBUG TestBase:68 - Clicking on 
2024-04-16 01:19:08 DEBUG TestBase:68 - Clicking on Mail
2024-04-16 01:22:10 INFO  TestBase:126 - URL launched
2024-04-16 01:22:10 DEBUG TestBase:68 - Clicking on SIGN IN
2024-04-16 01:22:12 DEBUG TestBase:68 - Clicking on Next
2024-04-16 01:22:13 DEBUG TestBase:68 - Clicking on Sign in
2024-04-16 01:22:20 DEBUG TestBase:68 - Clicking on 
2024-04-16 01:22:21 DEBUG TestBase:68 - Clicking on Mail
2024-04-16 01:22:26 INFO  TestBase:126 - URL launched
2024-04-16 01:22:26 DEBUG TestBase:68 - Clicking on SIGN IN
2024-04-16 01:22:27 DEBUG TestBase:68 - Clicking on Next
2024-04-16 01:22:28 DEBUG TestBase:68 - Clicking on Sign in
2024-04-16 01:22:33 DEBUG TestBase:68 - Clicking on 
2024-04-16 01:22:34 DEBUG TestBase:68 - Clicking on Mail
2024-04-16 01:23:27 INFO  TestBase:126 - URL launched
2024-04-16 01:23:27 DEBUG TestBase:68 - Clicking on SIGN IN
2024-04-16 01:23:29 DEBUG TestBase:68 - Clicking on Next
2024-04-16 01:23:30 DEBUG TestBase:68 - Clicking on Sign in
2024-04-16 01:23:40 DEBUG TestBase:68 - Clicking on 
2024-04-16 01:23:41 DEBUG TestBase:68 - Clicking on Mail
2024-04-16 01:23:46 INFO  TestBase:126 - URL launched
2024-04-16 01:23:47 DEBUG TestBase:68 - Clicking on SIGN IN
2024-04-16 01:23:48 DEBUG TestBase:68 - Clicking on Next
2024-04-16 01:23:49 DEBUG TestBase:68 - Clicking on Sign in
2024-04-16 01:23:56 DEBUG TestBase:68 - Clicking on 
2024-04-16 01:23:57 DEBUG TestBase:68 - Clicking on Mail
2024-04-16 01:25:00 INFO  TestBase:126 - URL launched
2024-04-16 01:25:00 DEBUG TestBase:68 - Clicking on SIGN IN
2024-04-16 01:25:01 DEBUG TestBase:68 - Clicking on Next
2024-04-16 01:25:02 DEBUG TestBase:68 - Clicking on Sign in
2024-04-16 01:25:57 INFO  TestBase:126 - URL launched
2024-04-16 01:25:58 DEBUG TestBase:68 - Clicking on SIGN IN
2024-04-16 01:25:59 DEBUG TestBase:68 - Clicking on Next
2024-04-16 01:26:00 DEBUG TestBase:68 - Clicking on Sign in
2024-04-16 01:26:32 INFO  TestBase:126 - URL launched
2024-04-16 01:26:33 DEBUG TestBase:68 - Clicking on SIGN IN
2024-04-16 01:26:34 DEBUG TestBase:68 - Clicking on Next
2024-04-16 01:26:47 DEBUG TestBase:68 - Clicking on Sign in
2024-04-16 01:26:54 DEBUG TestBase:68 - Clicking on 
2024-04-16 22:16:49 INFO  TestBase:126 - URL launched
2024-04-16 22:16:50 DEBUG TestBase:68 - Clicking on SIGN IN
2024-04-16 22:16:53 DEBUG TestBase:68 - Clicking on Next
2024-04-16 22:16:54 DEBUG TestBase:68 - Clicking on Sign in
2024-04-16 22:17:01 DEBUG TestBase:68 - Clicking on New Event
2024-04-16 22:17:03 DEBUG TestBase:68 - Clicking on 
2024-04-16 22:17:04 DEBUG TestBase:68 - Clicking on 
2024-04-16 22:17:07 DEBUG TestBase:68 - Clicking on 12:00 am
2024-04-16 22:17:08 DEBUG TestBase:68 - Clicking on 
2024-04-16 22:17:09 DEBUG TestBase:68 - Clicking on 
2024-04-16 22:17:10 DEBUG TestBase:68 - Clicking on 08:30 pm
2024-04-16 22:17:14 DEBUG TestBase:68 - Clicking on Add conference
2024-04-16 22:17:19 DEBUG TestBase:68 - Clicking on Save
2024-04-16 22:17:20 DEBUG TestBase:68 - Clicking on Confirm
2024-04-16 22:17:30 INFO  TestBase:126 - URL launched
2024-04-16 22:17:35 DEBUG TestBase:68 - Clicking on SIGN IN
2024-04-16 22:17:38 DEBUG TestBase:68 - Clicking on Next
2024-04-16 22:17:39 DEBUG TestBase:68 - Clicking on Sign in
2024-04-16 22:17:59 DEBUG TestBase:68 - Clicking on 
2024-04-16 22:18:16 INFO  TestBase:126 - URL launched
2024-04-16 22:18:16 DEBUG TestBase:68 - Clicking on SIGN IN
2024-04-16 22:18:19 DEBUG TestBase:68 - Clicking on Next
2024-04-16 22:18:21 DEBUG TestBase:68 - Clicking on Sign in
2024-04-16 22:18:29 DEBUG TestBase:68 - Clicking on 
2024-04-16 22:18:32 DEBUG TestBase:68 - Clicking on 
2024-04-16 22:18:34 DEBUG TestBase:68 - Clicking on 
2024-04-16 22:18:35 DEBUG TestBase:68 - Clicking on 
2024-04-16 22:18:36 DEBUG TestBase:68 - Clicking on 
2024-04-16 22:18:37 DEBUG TestBase:68 - Clicking on 12:00 am
2024-04-16 22:18:37 DEBUG TestBase:68 - Clicking on 
2024-04-16 22:18:38 DEBUG TestBase:68 - Clicking on 
2024-04-16 22:18:38 DEBUG TestBase:68 - Clicking on 08:30 pm
2024-04-16 22:18:39 DEBUG TestBase:68 - Clicking on Save
2024-04-16 22:18:50 INFO  TestBase:126 - URL launched
2024-04-16 22:18:50 DEBUG TestBase:68 - Clicking on SIGN IN
2024-04-16 22:18:53 DEBUG TestBase:68 - Clicking on Next
2024-04-16 22:18:55 DEBUG TestBase:68 - Clicking on Sign in
2024-04-16 22:19:03 DEBUG TestBase:68 - Clicking on 
2024-04-16 22:19:27 INFO  TestBase:126 - URL launched
2024-04-16 22:19:27 DEBUG TestBase:68 - Clicking on SIGN IN
2024-04-16 22:19:30 DEBUG TestBase:68 - Clicking on Next
2024-04-16 22:19:31 DEBUG TestBase:68 - Clicking on Sign in
2024-04-16 22:19:39 DEBUG TestBase:68 - Clicking on 
2024-04-16 22:20:40 ERROR TestBase:72 - org.openqa.selenium.TimeoutException: Expected condition failed: waiting for visibility of Decorated {[[ChromeDriver: chrome on windows (7e0e5c46fc26cb7bfc6868b515364d4d)] -> xpath: //*[@href='//accounts.zoho.com']]} (tried for 30 second(s) with 500 milliseconds interval)
Build info: version: '4.18.1', revision: 'b1d3319b48'
System info: os.name: 'Windows 11', os.arch: 'amd64', os.version: '10.0', java.version: '22'
Driver info: net.bytebuddy.renamed.java.lang.Object$ByteBuddy$v9Prv8xw
Capabilities {acceptInsecureCerts: false, browserName: chrome, browserVersion: 123.0.6312.107, chrome: {chromedriverVersion: 123.0.6312.122 (31f8248cdd9..., userDataDir: C:\Users\SANJAY\AppData\Loc...}, fedcm:accounts: true, goog:chromeOptions: {debuggerAddress: localhost:53466}, networkConnectionEnabled: false, pageLoadStrategy: normal, platformName: windows, proxy: Proxy(), se:cdp: ws://localhost:53466/devtoo..., se:cdpVersion: 123.0.6312.107, setWindowRect: true, strictFileInteractability: false, timeouts: {implicit: 0, pageLoad: 300000, script: 30000}, unhandledPromptBehavior: dismiss and notify, webauthn:extension:credBlob: true, webauthn:extension:largeBlob: true, webauthn:extension:minPinLength: true, webauthn:extension:prf: true, webauthn:virtualAuthenticators: true}
Session ID: 7e0e5c46fc26cb7bfc6868b515364d4d
2024-04-16 22:20:41 DEBUG cache:45 - Couldn't find template in cache for "Extent.ftl"("en_US", UTF-8, parsed); will try to load it.
2024-04-16 22:20:41 DEBUG cache:45 - TemplateLoader.findTemplateSource("Extent_en_US.ftl"): Not found
2024-04-16 22:20:41 DEBUG cache:45 - TemplateLoader.findTemplateSource("Extent_en.ftl"): Not found
2024-04-16 22:20:41 DEBUG cache:45 - TemplateLoader.findTemplateSource("Extent.ftl"): Found
2024-04-16 22:20:41 DEBUG cache:45 - Loading template for "Extent.ftl"("en_US", UTF-8, parsed) from "jar:file:/C:/Users/SANJAY/.m2/repository/com/relevantcodes/extentreports/2.41.2/extentreports-2.41.2.jar!/com/relevantcodes/extentreports/view/Extent.ftl"
2024-04-16 22:20:42 DEBUG cache:45 - Couldn't find template in cache for "Extent.ftl"("en_US", UTF-8, parsed); will try to load it.
2024-04-16 22:20:42 DEBUG cache:45 - TemplateLoader.findTemplateSource("Extent_en_US.ftl"): Not found
2024-04-16 22:20:42 DEBUG cache:45 - TemplateLoader.findTemplateSource("Extent_en.ftl"): Not found
2024-04-16 22:20:42 DEBUG cache:45 - TemplateLoader.findTemplateSource("Extent.ftl"): Found
2024-04-16 22:20:42 DEBUG cache:45 - Loading template for "Extent.ftl"("en_US", UTF-8, parsed) from "jar:file:/C:/Users/SANJAY/.m2/repository/com/relevantcodes/extentreports/2.41.2/extentreports-2.41.2.jar!/com/relevantcodes/extentreports/view/Extent.ftl"
2024-04-16 22:33:18 INFO  TestBase:126 - URL launched
2024-04-16 22:33:19 DEBUG TestBase:68 - Clicking on SIGN IN
2024-04-16 22:33:22 DEBUG TestBase:68 - Clicking on Next
2024-04-16 22:33:24 DEBUG TestBase:68 - Clicking on Sign in
2024-04-16 22:33:31 DEBUG TestBase:68 - Clicking on 
2024-04-16 22:34:24 INFO  TestBase:126 - URL launched
2024-04-16 22:34:28 DEBUG TestBase:68 - Clicking on SIGN IN
2024-04-16 22:34:31 DEBUG TestBase:68 - Clicking on Next
2024-04-16 22:34:32 DEBUG TestBase:68 - Clicking on Sign in
2024-04-16 22:34:39 DEBUG TestBase:68 - Clicking on 
2024-04-16 22:39:47 INFO  TestBase:126 - URL launched
2024-04-16 22:40:11 DEBUG TestBase:68 - Clicking on SIGN IN
2024-04-16 22:40:14 DEBUG TestBase:68 - Clicking on Next
2024-04-16 22:40:15 DEBUG TestBase:68 - Clicking on Sign in
2024-04-16 22:40:24 DEBUG TestBase:68 - Clicking on 
2024-04-16 22:40:27 DEBUG TestBase:68 - Clicking on 
2024-04-16 22:40:27 DEBUG TestBase:68 - Clicking on Confirm
2024-04-16 22:41:09 ERROR TestBase:72 - org.openqa.selenium.TimeoutException: Expected condition failed: waiting for visibility of Proxy element for: DefaultElementLocator 'By.xpath: //*[contains(text(),'Confirm')]' (tried for 30 second(s) with 500 milliseconds interval)
2024-04-16 22:48:52 INFO  TestBase:126 - URL launched
2024-04-16 22:48:53 DEBUG TestBase:68 - Clicking on SIGN IN
2024-04-16 22:48:57 DEBUG TestBase:68 - Clicking on Next
2024-04-16 22:48:58 DEBUG TestBase:68 - Clicking on Sign in
2024-04-16 22:49:07 DEBUG TestBase:68 - Clicking on 
2024-04-16 22:49:12 DEBUG TestBase:68 - Clicking on 
2024-04-16 22:49:13 DEBUG TestBase:68 - Clicking on Confirm
2024-04-16 22:50:56 INFO  TestBase:126 - URL launched
2024-04-16 22:50:57 DEBUG TestBase:68 - Clicking on SIGN IN
2024-04-16 22:51:00 DEBUG TestBase:68 - Clicking on Next
2024-04-16 22:51:02 DEBUG TestBase:68 - Clicking on Sign in
2024-04-16 22:51:08 DEBUG TestBase:68 - Clicking on 
2024-04-16 22:51:11 DEBUG TestBase:68 - Clicking on 
2024-04-16 22:51:12 DEBUG TestBase:68 - Clicking on Confirm
2024-04-16 23:13:21 INFO  TestBase:126 - URL launched
2024-04-16 23:13:22 DEBUG TestBase:68 - Clicking on SIGN IN
2024-04-16 23:13:24 DEBUG TestBase:68 - Clicking on Next
2024-04-16 23:13:25 DEBUG TestBase:68 - Clicking on Sign in
2024-04-16 23:13:33 DEBUG TestBase:68 - Clicking on 
2024-04-16 23:13:36 DEBUG TestBase:68 - Clicking on 
2024-04-16 23:13:37 DEBUG TestBase:68 - Clicking on Confirm delete?
2024-04-16 23:14:28 INFO  TestBase:126 - URL launched
2024-04-16 23:14:32 DEBUG TestBase:68 - Clicking on SIGN IN
2024-04-16 23:14:35 DEBUG TestBase:68 - Clicking on Next
2024-04-16 23:14:36 DEBUG TestBase:68 - Clicking on Sign in
2024-04-16 23:14:44 DEBUG TestBase:68 - Clicking on 
2024-04-16 23:14:47 DEBUG TestBase:68 - Clicking on 
2024-04-16 23:14:47 DEBUG TestBase:68 - Clicking on Confirm
2024-04-16 23:15:29 ERROR TestBase:72 - org.openqa.selenium.TimeoutException: Expected condition failed: waiting for visibility of Proxy element for: DefaultElementLocator 'By.xpath: //*[contains(text(),'Confirm')]' (tried for 30 second(s) with 500 milliseconds interval)
2024-04-16 23:22:14 INFO  TestBase:126 - URL launched
2024-04-16 23:22:15 DEBUG TestBase:68 - Clicking on SIGN IN
2024-04-16 23:22:17 DEBUG TestBase:68 - Clicking on Next
2024-04-16 23:22:19 DEBUG TestBase:68 - Clicking on Sign in
2024-04-16 23:22:28 DEBUG TestBase:68 - Clicking on 
2024-04-16 23:27:29 INFO  TestBase:126 - URL launched
2024-04-16 23:27:33 DEBUG TestBase:68 - Clicking on SIGN IN
2024-04-16 23:27:35 DEBUG TestBase:68 - Clicking on Next
2024-04-16 23:27:37 DEBUG TestBase:68 - Clicking on Sign in
2024-04-16 23:27:47 DEBUG TestBase:68 - Clicking on 
2024-04-16 23:37:51 INFO  TestBase:126 - URL launched
2024-04-16 23:37:51 DEBUG TestBase:68 - Clicking on SIGN IN
2024-04-16 23:37:54 DEBUG TestBase:68 - Clicking on Next
2024-04-16 23:37:55 DEBUG TestBase:68 - Clicking on Sign in
2024-04-16 23:38:06 DEBUG TestBase:68 - Clicking on 
2024-04-16 23:38:08 DEBUG TestBase:68 - Clicking on Mail
2024-04-16 23:38:18 INFO  TestBase:126 - URL launched
2024-04-16 23:38:18 DEBUG TestBase:68 - Clicking on SIGN IN
2024-04-16 23:38:21 DEBUG TestBase:68 - Clicking on Next
2024-04-16 23:38:22 DEBUG TestBase:68 - Clicking on Sign in
2024-04-16 23:38:34 DEBUG TestBase:68 - Clicking on 
2024-04-16 23:38:36 DEBUG TestBase:68 - Clicking on Mail
2024-04-16 23:39:07 INFO  TestBase:126 - URL launched
2024-04-16 23:39:07 DEBUG TestBase:68 - Clicking on SIGN IN
2024-04-16 23:39:09 DEBUG TestBase:68 - Clicking on Next
2024-04-16 23:39:11 DEBUG TestBase:68 - Clicking on Sign in
2024-04-16 23:39:20 DEBUG TestBase:68 - Clicking on Week
2024-04-16 23:39:30 INFO  TestBase:126 - URL launched
2024-04-16 23:39:31 DEBUG TestBase:68 - Clicking on SIGN IN
2024-04-16 23:39:33 DEBUG TestBase:68 - Clicking on Next
2024-04-16 23:39:35 DEBUG TestBase:68 - Clicking on Sign in
2024-04-16 23:39:46 DEBUG TestBase:68 - Clicking on Week
2024-04-16 23:39:54 INFO  TestBase:126 - URL launched
2024-04-16 23:39:55 DEBUG TestBase:68 - Clicking on SIGN IN
2024-04-16 23:39:57 DEBUG TestBase:68 - Clicking on Next
2024-04-16 23:39:58 DEBUG TestBase:68 - Clicking on Sign in
2024-04-16 23:40:10 DEBUG TestBase:68 - Clicking on Week
2024-04-16 23:40:19 INFO  TestBase:126 - URL launched
2024-04-16 23:40:19 DEBUG TestBase:68 - Clicking on SIGN IN
2024-04-16 23:40:22 DEBUG TestBase:68 - Clicking on Next
2024-04-16 23:40:23 DEBUG TestBase:68 - Clicking on Sign in
2024-04-16 23:40:33 DEBUG TestBase:68 - Clicking on 
2024-04-16 23:41:04 ERROR TestBase:72 - org.openqa.selenium.TimeoutException: Expected condition failed: waiting for visibility of Proxy element for: DefaultElementLocator 'By.xpath: //span[contains(text(),'Time Zone')][@class='zmsettings-nav-action-primary-name']' (tried for 30 second(s) with 500 milliseconds interval)
2024-04-16 23:41:10 INFO  TestBase:126 - URL launched
2024-04-16 23:41:13 DEBUG TestBase:68 - Clicking on SIGN IN
2024-04-16 23:41:15 DEBUG TestBase:68 - Clicking on Next
2024-04-16 23:41:45 ERROR TestBase:127 - org.openqa.selenium.NoSuchWindowException: no such window: target window already closed
from unknown error: web view not found
  (Session info: chrome=123.0.6312.107)
Build info: version: '4.18.1', revision: 'b1d3319b48'
System info: os.name: 'Windows 11', os.arch: 'amd64', os.version: '10.0', java.version: '22'
Driver info: org.openqa.selenium.chrome.ChromeDriver
Command: [9a21d8df3d04aaa0f44e47efb08f4032, findElement {value=password, using=id}]
Capabilities {acceptInsecureCerts: false, browserName: chrome, browserVersion: 123.0.6312.107, chrome: {chromedriverVersion: 123.0.6312.122 (31f8248cdd9..., userDataDir: C:\Users\SANJAY\AppData\Loc...}, fedcm:accounts: true, goog:chromeOptions: {debuggerAddress: localhost:58007}, networkConnectionEnabled: false, pageLoadStrategy: normal, platformName: windows, proxy: Proxy(), se:cdp: ws://localhost:58007/devtoo..., se:cdpVersion: 123.0.6312.107, setWindowRect: true, strictFileInteractability: false, timeouts: {implicit: 0, pageLoad: 300000, script: 30000}, unhandledPromptBehavior: dismiss and notify, webauthn:extension:credBlob: true, webauthn:extension:largeBlob: true, webauthn:extension:minPinLength: true, webauthn:extension:prf: true, webauthn:virtualAuthenticators: true}
Session ID: 9a21d8df3d04aaa0f44e47efb08f4032
2024-04-16 23:41:51 INFO  TestBase:126 - URL launched
2024-04-16 23:41:51 DEBUG TestBase:68 - Clicking on SIGN IN
2024-04-16 23:41:53 DEBUG TestBase:68 - Clicking on Next
2024-04-16 23:45:18 INFO  TestBase:126 - URL launched
2024-04-16 23:45:19 DEBUG TestBase:68 - Clicking on SIGN IN
2024-04-16 23:45:22 DEBUG TestBase:68 - Clicking on Next
2024-04-16 23:45:23 DEBUG TestBase:68 - Clicking on Sign in
2024-04-16 23:45:38 DEBUG TestBase:68 - Clicking on 
2024-04-16 23:45:40 DEBUG TestBase:68 - Clicking on Mail
2024-04-16 23:45:52 INFO  TestBase:126 - URL launched
2024-04-16 23:45:53 DEBUG TestBase:68 - Clicking on SIGN IN
2024-04-16 23:45:56 DEBUG TestBase:68 - Clicking on Next
2024-04-16 23:45:57 DEBUG TestBase:68 - Clicking on Sign in
2024-04-16 23:46:27 ERROR TestBase:72 - org.openqa.selenium.TimeoutException: Expected condition failed: waiting for visibility of Proxy element for: DefaultElementLocator 'By.xpath: //*[@data-testid='ZiconComponent']' (tried for 30 second(s) with 500 milliseconds interval)
2024-04-16 23:46:33 INFO  TestBase:126 - URL launched
2024-04-16 23:46:33 DEBUG TestBase:68 - Clicking on SIGN IN
2024-04-16 23:46:36 DEBUG TestBase:68 - Clicking on Next
2024-04-16 23:46:37 DEBUG TestBase:68 - Clicking on Sign in
2024-04-16 23:50:33 INFO  TestBase:126 - URL launched
2024-04-16 23:50:34 DEBUG TestBase:68 - Clicking on SIGN IN
2024-04-16 23:50:37 DEBUG TestBase:68 - Clicking on Next
2024-04-16 23:50:38 DEBUG TestBase:68 - Clicking on Sign in
2024-04-16 23:59:21 INFO  TestBase:126 - URL launched
2024-04-16 23:59:25 DEBUG TestBase:68 - Clicking on SIGN IN
2024-04-16 23:59:28 DEBUG TestBase:68 - Clicking on Next
2024-04-17 00:00:38 INFO  TestBase:126 - URL launched
2024-04-17 00:00:39 DEBUG TestBase:68 - Clicking on SIGN IN
2024-04-17 00:00:41 DEBUG TestBase:68 - Clicking on Next
2024-04-17 00:00:43 DEBUG TestBase:68 - Clicking on Sign in
2024-04-17 00:00:49 DEBUG TestBase:68 - Clicking on 
2024-04-17 00:00:51 DEBUG TestBase:68 - Clicking on Mail
2024-04-17 00:00:58 INFO  TestBase:126 - URL launched
2024-04-17 00:01:01 DEBUG TestBase:68 - Clicking on SIGN IN
2024-04-17 00:01:04 DEBUG TestBase:68 - Clicking on Next
2024-04-17 00:01:05 DEBUG TestBase:68 - Clicking on Sign in
2024-04-17 00:01:11 DEBUG TestBase:68 - Clicking on 
2024-04-17 00:01:13 DEBUG TestBase:68 - Clicking on Mail
2024-04-17 00:01:21 INFO  TestBase:126 - URL launched
2024-04-17 00:01:22 DEBUG TestBase:68 - Clicking on SIGN IN
2024-04-17 00:01:24 DEBUG TestBase:68 - Clicking on Next
2024-04-17 00:01:26 DEBUG TestBase:68 - Clicking on Sign in
2024-04-17 00:01:34 DEBUG TestBase:68 - Clicking on Week
2024-04-17 00:01:42 INFO  TestBase:126 - URL launched
2024-04-17 00:01:42 DEBUG TestBase:68 - Clicking on SIGN IN
2024-04-17 00:01:45 DEBUG TestBase:68 - Clicking on Next
2024-04-17 00:01:46 DEBUG TestBase:68 - Clicking on Sign in
2024-04-17 00:01:53 DEBUG TestBase:68 - Clicking on Week
2024-04-17 00:02:03 INFO  TestBase:126 - URL launched
2024-04-17 00:02:03 DEBUG TestBase:68 - Clicking on SIGN IN
2024-04-17 00:02:06 DEBUG TestBase:68 - Clicking on Next
2024-04-17 00:02:07 DEBUG TestBase:68 - Clicking on Sign in
2024-04-17 00:02:14 DEBUG TestBase:68 - Clicking on Week
2024-04-17 00:02:22 INFO  TestBase:126 - URL launched
2024-04-17 00:02:22 DEBUG TestBase:68 - Clicking on SIGN IN
2024-04-17 00:02:25 DEBUG TestBase:68 - Clicking on Next
2024-04-17 00:02:26 DEBUG TestBase:68 - Clicking on Sign in
2024-04-17 00:02:33 DEBUG TestBase:68 - Clicking on 
2024-04-17 00:03:03 ERROR TestBase:72 - org.openqa.selenium.TimeoutException: Expected condition failed: waiting for visibility of Proxy element for: DefaultElementLocator 'By.xpath: //span[contains(text(),'Time Zone')][@class='zmsettings-nav-action-primary-name']' (tried for 30 second(s) with 500 milliseconds interval)
2024-04-17 00:03:11 INFO  TestBase:126 - URL launched
2024-04-17 00:03:11 DEBUG TestBase:68 - Clicking on SIGN IN
2024-04-17 00:03:14 DEBUG TestBase:68 - Clicking on Next
2024-04-17 00:03:15 DEBUG TestBase:68 - Clicking on Sign in
2024-04-17 00:03:24 INFO  TestBase:126 - URL launched
2024-04-17 00:03:24 DEBUG TestBase:68 - Clicking on SIGN IN
2024-04-17 00:03:27 DEBUG TestBase:68 - Clicking on Next
2024-04-17 00:03:28 DEBUG TestBase:68 - Clicking on Sign in
2024-04-17 00:03:36 DEBUG TestBase:68 - Clicking on 
2024-04-17 00:03:39 DEBUG TestBase:68 - Clicking on How to
2024-04-17 00:03:43 DEBUG TestBase:68 - Clicking on Help
2024-04-17 00:03:48 DEBUG TestBase:68 - Clicking on Blog
2024-04-17 00:04:14 DEBUG TestBase:68 - Clicking on Community
2024-04-17 00:28:36 INFO  TestBase:126 - URL launched
2024-04-17 00:28:37 DEBUG TestBase:68 - Clicking on SIGN IN
2024-04-17 00:28:39 DEBUG TestBase:68 - Clicking on Next
2024-04-17 00:28:41 DEBUG TestBase:68 - Clicking on Sign in
2024-04-17 00:28:47 DEBUG TestBase:68 - Clicking on 
2024-04-17 00:38:10 INFO  TestBase:126 - URL launched
2024-04-17 00:38:11 DEBUG TestBase:68 - Clicking on SIGN IN
2024-04-17 00:38:14 DEBUG TestBase:68 - Clicking on Next
2024-04-17 00:38:16 DEBUG TestBase:68 - Clicking on Sign in
2024-04-17 00:38:24 DEBUG TestBase:68 - Clicking on 
2024-04-17 00:54:54 INFO  TestBase:126 - URL launched
2024-04-17 00:54:55 DEBUG TestBase:68 - Clicking on SIGN IN
2024-04-17 00:54:57 DEBUG TestBase:68 - Clicking on Next
2024-04-17 00:54:58 DEBUG TestBase:68 - Clicking on Sign in
2024-04-17 00:55:04 DEBUG TestBase:68 - Clicking on 
2024-04-17 00:55:46 ERROR TestBase:72 - org.openqa.selenium.TimeoutException: Expected condition failed: waiting for visibility of Proxy element for: DefaultElementLocator 'By.xpath: //*[@data-tooltip='Delete']' (tried for 30 second(s) with 500 milliseconds interval)
2024-04-17 00:58:31 INFO  TestBase:126 - URL launched
2024-04-17 00:58:32 DEBUG TestBase:68 - Clicking on SIGN IN
2024-04-17 00:58:51 DEBUG TestBase:68 - Clicking on Next
2024-04-17 00:58:53 DEBUG TestBase:68 - Clicking on Sign in
2024-04-17 00:58:58 DEBUG TestBase:68 - Clicking on 
2024-04-17 01:00:29 ERROR TestBase:72 - org.openqa.selenium.TimeoutException: Expected condition failed: waiting for visibility of Proxy element for: DefaultElementLocator 'By.xpath: //*[@data-tooltip='Delete']' (tried for 30 second(s) with 500 milliseconds interval)
2024-04-17 01:10:19 INFO  TestBase:126 - URL launched
2024-04-17 01:10:49 ERROR TestBase:72 - org.openqa.selenium.TimeoutException: Expected condition failed: waiting for visibility of Proxy element for: DefaultElementLocator 'By.xpath: //*[contains(text(),'SIGN IN')]' (tried for 30 second(s) with 500 milliseconds interval)
2024-04-17 01:11:40 INFO  TestBase:126 - URL launched
2024-04-17 01:11:40 DEBUG TestBase:68 - Clicking on SIGN IN
2024-04-17 01:11:42 DEBUG TestBase:68 - Clicking on Next
2024-04-17 01:11:44 DEBUG TestBase:68 - Clicking on Sign in
2024-04-17 01:11:49 DEBUG TestBase:68 - Clicking on 
2024-04-17 01:12:42 ERROR TestBase:72 - org.openqa.selenium.TimeoutException: Expected condition failed: waiting for visibility of Proxy element for: DefaultElementLocator 'By.xpath: //*[@data-tooltip='Delete']' (tried for 30 second(s) with 500 milliseconds interval)
2024-04-17 01:15:26 INFO  TestBase:126 - URL launched
2024-04-17 01:15:26 DEBUG TestBase:68 - Clicking on SIGN IN
2024-04-17 01:15:28 DEBUG TestBase:68 - Clicking on Next
2024-04-17 01:15:30 DEBUG TestBase:68 - Clicking on Sign in
2024-04-17 01:15:35 DEBUG TestBase:68 - Clicking on 
2024-04-17 01:16:23 ERROR TestBase:72 - org.openqa.selenium.TimeoutException: Expected condition failed: waiting for visibility of Proxy element for: DefaultElementLocator 'By.xpath: //*[@data-tooltip='Delete']' (tried for 30 second(s) with 500 milliseconds interval)
2024-04-17 01:23:00 INFO  TestBase:126 - URL launched
2024-04-17 01:23:01 DEBUG TestBase:68 - Clicking on SIGN IN
2024-04-17 01:23:03 DEBUG TestBase:68 - Clicking on Next
2024-04-17 01:23:04 DEBUG TestBase:68 - Clicking on Sign in
2024-04-17 01:23:09 DEBUG TestBase:68 - Clicking on 
